              	; --------------------------------------
              	; zasm: assemble "ZMMBAS.asm"
              	; date: 2024-08-10 21:43:26
              	; --------------------------------------


              	;
              	;**************************************************************
              	;*
              	;*      Z M M   B A S I C   F U N C T I O N   T E S T
              	;*
              	;*      Tests memory and basic functionality of the ZMM
              	;*      (Z80 MegaMapper). Segmentation as well as I/O
              	;*      traps.
              	;* 
              	;**************************************************************
              		
              	; Equates
0005:         	bdos	equ	0x0005
              	
0000:         	b_exit	equ	0x00
0001:         	b_coin	equ	0x01
0002:         	b_cout	equ	0x02
0009:         	b_print	equ	0x09
              	
0030:         	zm_bnk0	equ	0x30
0031:         	zm_bnk1	equ	0x31
0032:         	zm_bnk2	equ	0x32
0033:         	zm_bnk3	equ	0x33
0034:         	zm_ctrl	equ	0x34
0030:         	zm_isr	equ	0x30
0032:         	zm_a_hi	equ	0x32
0033:         	zm_a_lo	equ	0x33
0037:         	zm_trap	equ	0x37 
8000:         	zm_map	equ	0x8000
C000:         	zm_top	equ	0xC000
              	
0070:         	zm_sset	equ	0b01110000
007F:         	zm_sres	equ	0b01111111
              	
0066:         	nmi_adr	equ	0X0066
0067:         	nmi_vec	equ	nmi_adr+1
              	
0000:         	nb_nctl	equ	0x00		; Control Register
0040:         	nb_ayda	equ	0x40		; AY-3-8910 data port
0041:         	nb_atla	equ	0x41		; AY-3-8910 latch port
              	
              	; Program start
0100:         		org	0x0100
              		
              		; Print "hello" splash
0100: F3      	start:	di
0101: 310040  		ld	sp,0x4000
0104: 0E09    		ld	c,b_print
0106: 11AE03  		ld	de,splash
0109: CD0500  		call	bdos
              		
              		; Test #0
010C: 0E09    	test0:	ld	c,b_print
010E: 11F803  		ld	de,s_test0
0111: CD0500  		call	bdos
              		
              		; Set up passthru table for virtual mode
0114: 3E01    		ld	a,0b00000001
0116: D334    		out	(zm_ctrl),a
0118: 210080  		ld	hl,zm_map
011B: 75      	0$:	ld	(hl),l
011C: 2C      		inc	l
011D: C21B01  		jp	nz,0$
0120: 3E03    		ld	a,0b00000011
0122: D334    		out	(zm_ctrl),a
0124: 210080  		ld	hl,zm_map
0127: 75      	1$:	ld	(hl),l
0128: 2C      		inc	l
0129: C22701  		jp	nz,1$
              		
              		; Disable virtual mode
012C: 3E00    		ld	a,0b00000000
012E: D334    		out	(zm_ctrl),a
0130: 0E09    		ld	c,b_print
0132: 11E703  		ld	de,s_pass
0135: CD0500  		call	bdos
              		
              		; Test #1
0138: 0E09    	test1:	ld	c,b_print
013A: 111604  		ld	de,s_test1
013D: CD0500  		call	bdos
              		
              		; Zero out top 16K of memory
0140: 3E01    		ld	a,0b00000001
0142: D334    		out	(zm_ctrl),a
0144: 2100C0  		ld	hl,zm_top
0147: 1101C0  		ld	de,zm_top+1 
014A: 01FF3F  		ld	bc,0x4000-1
014D: AF      		xor	a
014E: 77      		ld	(hl),a
014F: EDB0    		ldir
              		
              		; Disable virtual mode
0151: 3E00    		ld	a,0b00000000
0153: D334    		out	(zm_ctrl),a
0155: 0E09    		ld	c,b_print
0157: 11E703  		ld	de,s_pass
015A: CD0500  		call	bdos
              		
              		; Test #2
015D: 0E09    	test2:	ld	c,b_print
015F: 113404  		ld	de,s_test2
0162: CD0500  		call	bdos
              		
              		; Enable virtual mode
0165: 3E01    		ld	a,0b00000001
0167: D334    		out	(zm_ctrl),a
              		
              		; Write tags to all pages
0169: 0600    		ld	b,0
016B: 78      	0$:	ld	a,b
016C: D333    		out	(zm_bnk3),a
016E: 3200C0  		ld	(zm_top),a
0171: ED44    		neg
0173: 3201C0  		ld	(zm_top+1),a
0176: 04      		inc	b
0177: C26B01  		jp	nz,0$
              		
              		; Mark any banks that record correctly
017A: 0600    		ld	b,0
017C: 21CE04  		ld	hl,bankmap
017F: AF      	1$:	xor	a
0180: 77      		ld	(hl),a
0181: 78      		ld	a,b
0182: D333    		out	(zm_bnk3),a
0184: 3A00C0  		ld	a,(zm_top)
0187: B8      		cp	b
0188: C29901  		jp	nz,2$
018B: 3A01C0  		ld	a,(zm_top+1)
018E: 4F      		ld	c,a
018F: 78      		ld	a,b
0190: ED44    		neg
0192: B9      		cp	c
0193: C29901  		jp	nz,2$
              		
              		; Mark it
0196: 3EFF    		ld	a,0xFF
0198: 77      		ld	(hl),a
              		
              		; Next
0199: 23      	2$:	inc	hl
019A: 04      		inc	b
019B: C27F01  		jp	nz,1$
              		
              		; Disable virtual mode
019E: 3E00    		ld	a,0b00000000
01A0: D334    		out	(zm_ctrl),a
              		
              		; Now try to print everything out
01A2: 21CE04  		ld	hl,bankmap
01A5: 0620    		ld	b,32
01A7: 0E08    		ld	c,8
              		
              		; Get bankmap value and set register E
01A9: 1E2E    	3$:	ld	e,'.'
01AB: 7E      		ld	a,(hl)
01AC: B7      		or	a
01AD: CAB201  		jp	z,4$
01B0: 1E58    		ld	e,'X'
              	
              		; Print character
01B2: C5      	4$:	push	bc
01B3: E5      		push	hl
01B4: 0E02    		ld	c,b_cout
01B6: CD0500  		call	bdos
01B9: E1      		pop	hl
01BA: C1      		pop	bc
              		
              		; Do another?
01BB: 23      		inc	hl
01BC: 10EB    		djnz	3$
              	
              		; Print CRLF
01BE: C5      		push	bc
01BF: E5      		push	hl
01C0: 0E09    		ld	c,b_print
01C2: 115304  		ld	de,s_crlf
01C5: CD0500  		call	bdos
01C8: E1      		pop	hl
01C9: C1      		pop	bc
              		
              		; New line maybe
01CA: 0620    		ld	b,32
01CC: 0D      		dec	c
01CD: C2A901  		jp	nz,3$
              		
              		; Pass
01D0: 0E09    		ld	c,b_print
01D2: 11E703  		ld	de,s_pass
01D5: CD0500  		call	bdos
              		
              		; Test #3
01D8: 0E09    	test3:	ld	c,b_print
01DA: 115604  		ld	de,s_test3
01DD: CD0500  		call	bdos
              		
              		; Start checking bank map for 2 valid banks
01E0: 0600    		ld	b,0
01E2: 21CE04  		ld	hl,bankmap
              		
01E5: 7E      	0$:	ld	a,(hl)
01E6: B7      		or	a
01E7: C2F201  		jp	nz,1$
01EA: 23      		inc	hl
01EB: 04      		inc	b
01EC: C2E501  		jp	nz,0$
              		
              		; Fail!
01EF: C31703  		jp	fail
              	
              		; Save to text bank
01F2: 78      	1$:	ld	a,b
01F3: 32CC04  		ld	(textbank),a
01F6: C3FE01  		jp	3$
              		
01F9: 7E      	2$:	ld	a,(hl)
01FA: B7      		or	a
01FB: C20602  		jp	nz,4$
01FE: 23      	3$:	inc	hl
01FF: 04      		inc	b
0200: C2F901  		jp	nz,2$
              		
              		; Fail!
0203: C31703  		jp	fail
              	
              		; Pass
0206: 78      	4$:	ld	a,b
0207: 32CD04  		ld	(databank),a
020A: 0E09    		ld	c,b_print
020C: 11E703  		ld	de,s_pass
020F: CD0500  		call	bdos
              		
              		; Test #4
0212: 0E09    	test4:	ld	c,b_print
0214: 117104  		ld	de,s_test4
0217: CD0500  		call	bdos
              		
              		; Set bank 3 to textbank
021A: 3ACC04  		ld	a,(textbank)
021D: D333    		out	(zm_bnk3),a
              		
              		; Install NMI handler
021F: 3EC3    		ld	a,0xC3
0221: 326600  		ld	(nmi_adr),a
              		
              		; Enable virtual mode
0224: 3E01    		ld	a,0b00000001
0226: D334    		out	(zm_ctrl),a
              		
              		; Copy snippet to virtual memory
0228: 216803  		ld	hl,snip0
022B: 1100C0  		ld	de,zm_top
022E: 014600  		ld	bc,snip0_end-snip0
0231: EDB0    		ldir
              		
              		; Just incase of a hardware failure
0233: 211703  		ld	hl,fail
0236: E5      		push 	hl
              		
              		; Punch in entry address
0237: 1100C0  		ld	de,zm_top
023A: CD5203  		call	trapset
              		
              		; Place vector
023D: 214D02  		ld	hl,1$
0240: 0600    		ld	b,0
0242: 226700  		ld	(nmi_vec),hl
              		
              		; Kick off RETN to reset trap mode
0245: D337    		out	(zm_trap),a
0247: 00      		nop
0248: ED45    		retn
024A: C31703  		jp	fail
              	
              		; We should end up here
024D: 3E00    	1$:	ld	a,0b00000000
024F: D334    		out	(zm_ctrl),a
              	
              		; Check register B
0251: 78      		ld	a,b
0252: CD2603  		call	tohex
0255: ED53EE03		ld	(s_nfail),de
0259: 05      		dec	b
025A: 05      		dec	b
025B: C21703  		jp	nz,fail
              	
              		; Pass
025E: 0E09    		ld	c,b_print
0260: 11E703  		ld	de,s_pass
0263: CD0500  		call	bdos
              		
              		; Test #5
0266: 0E09    	test5:	ld	c,b_print
0268: 118D04  		ld	de,s_test5
026B: CD0500  		call	bdos
              		
              		; Set bank 0,1,2 to databank
026E: 3ACD04  		ld	a,(databank)
0271: D330    		out	(zm_bnk0),a
0273: D331    		out	(zm_bnk1),a
0275: D332    		out	(zm_bnk2),a
              		
              		; Enable virtual mode
0277: 3E01    		ld	a,0b00000001
0279: D334    		out	(zm_ctrl),a
              		
              		; Punch in entry address
027B: 1102C0  		ld	de,zm_top+2
027E: CD5203  		call	trapset
              		
              		; Place vector
0281: 219102  		ld	hl,1$
0284: 0600    		ld	b,0
0286: 226700  		ld	(nmi_vec),hl
              		
              		; Kick off RETN to reset trap mode
0289: D337    		out	(zm_trap),a
028B: 00      		nop
028C: ED45    		retn
028E: C31703  		jp	fail
              	
              		; We should end up here
0291: 3E00    	1$:	ld	a,0b00000000
0293: D334    		out	(zm_ctrl),a
              		
              		; Pass
0295: 0E09    		ld	c,b_print
0297: 11E703  		ld	de,s_pass
029A: CD0500  		call	bdos
              		
              		; Test #6
029D: 0E09    	tes6:	ld	c,b_print
029F: 11AC04  		ld	de,s_test6
02A2: CD0500  		call	bdos
              		
              		; Enable virtual mode
02A5: 3E01    		ld	a,0b00000001
02A7: D334    		out	(zm_ctrl),a
              		
              		; Remap 0xF9 of OUT to zm_trap
02A9: 3E37    		ld	a,zm_trap
02AB: 32F980  		ld	(zm_map+0xF9),a
              		
              		; Punch in entry address
02AE: 1104C0  		ld	de,zm_top+4
02B1: CD5203  		call	trapset
              		
              		; Place vector
02B4: 21C402  		ld	hl,1$
02B7: 0600    		ld	b,0
02B9: 226700  		ld	(nmi_vec),hl
              		
              		; Kick off RETN to reset trap mode
02BC: D337    		out	(zm_trap),a
02BE: 00      		nop
02BF: ED45    		retn
02C1: C31703  		jp	fail
              		
              		; We should end up here
02C4: 3E00    	1$:	ld	a,0b00000000
02C6: D334    		out	(zm_ctrl),a
              		
              		; Check address
02C8: DB33    		in	a,(zm_a_lo)
02CA: 47      		ld	b,a
02CB: CD2603  		call	tohex
02CE: ED53EE03		ld	(s_nfail),de
02D2: 3EF9    		ld	a,0xF9
02D4: B8      		cp	b
02D5: C21703  		jp	nz,fail
              		
02D8: DB32    		in	a,(zm_a_hi)
02DA: 47      		ld	b,a
02DB: CD2603  		call	tohex
02DE: ED53EE03		ld	(s_nfail),de
02E2: 3E69    		ld	a,0x69
02E4: B8      		cp	b
02E5: C21703  		jp	nz,fail
              		
              		; Check instruction
02E8: DB30    		in	a,(zm_isr)
02EA: 47      		ld	b,a
02EB: CD2603  		call	tohex
02EE: ED53EE03		ld	(s_nfail),de
02F2: 3EBD    		ld	a,0xBD
02F4: B8      		cp	b
02F5: C21703  		jp	nz,fail
              		
              		; Reset I/O violation latch
02F8: D337    		out	(zm_trap),a
02FA: DB30    		in	a,(zm_isr)
02FC: 47      		ld	b,a
02FD: CD2603  		call	tohex
0300: ED53EE03		ld	(s_nfail),de
0304: 3E3D    		ld	a,0x3D
0306: B8      		cp	b
0307: C21703  		jp	nz,fail
              		
              		; Pass
030A: 0E09    		ld	c,b_print
030C: 11E703  		ld	de,s_pass
030F: CD0500  		call	bdos
              		
              	; Done
0312: 0E00    	exit:	ld	c,b_exit
0314: CD0500  		call	bdos
              		
              	; Fail!
0317: 3E00    	fail:	ld	a,0b00000000
0319: D334    		out	(zm_ctrl),a
031B: 0E09    		ld	c,b_print
031D: 11EE03  		ld	de,s_nfail
0320: CD0500  		call	bdos
0323: C31203  		jp	exit
              		
              	; Converts the value into an 8 bit hex number
              	; A = Number to convert
              	;
              	; Returns DE = result
              	; uses: AF, DE
0326: 57      	tohex:	ld	d,a
0327: CD3103  		call	0$
032A: 5F      		ld	e,a
032B: 7A      		ld	a,d
032C: CD3503  		call	1$
032F: 57      		ld	d,a
0330: C9      		ret
              		
0331: 1F      	0$:	rra
0332: 1F      		rra
0333: 1F      		rra
0334: 1F      		rra
0335: F6F0    	1$:	or	0xF0
0337: 27      		daa
0338: C6A0    		add	a,0xA0
033A: CE40    		adc	a,0x40
033C: C9      		ret
              		
              	; Turns off all maskable interrupts to stop traps from occuring
              	;
              	; uses: AF
033D: 3E07    	intoff:	ld	a,0x07
033F: D341    		out	(nb_atla),a	; AY register = 7
0341: DB40    		in	a,(nb_ayda)
0343: E63F    		and	0x3F
0345: F640    		or	0x40
0347: D340    		out	(nb_ayda),a	; Configure AY port I/O
              		
0349: 3E0E    		ld	a,0x0E
034B: D341    		out	(nb_atla),a	; AY register = 14
034D: 3E00    		ld	a,0x00
034F: D340    		out	(nb_ayda),a	; All interrupts disabled
              		
0351: C9      		ret
              		
              	; Sets the trap return address
              	; DE = return address
              	;
              	; uses: AF, HL
0352: 210000  	trapset:ld	hl,0
0355: 39      		add	hl,sp
0356: 23      		inc	hl
0357: 23      		inc	hl
0358: 3E7F    		ld	a,zm_sres
035A: A4      		and	h
035B: F670    		or	zm_sset
035D: 67      		ld	h,a
035E: 73      		ld	(hl),e
035F: 23      		inc	hl
0360: 3E7F    		ld	a,zm_sres
0362: A4      		and	h
0363: F670    		or	zm_sset
0365: 67      		ld	h,a
0366: 72      		ld	(hl),d
0367: C9      		ret
              		
              	; Snippets
0368:         	snip0:
              	
              		; Jump table
0368: 1804    		jr	snip0_a
036A: 1829    		jr	snip0_b
036C: 1838    		jr	snip0_c
              	
              		; Play with register B, and then trap out
036E: 00      	snip0_a:nop
036F: 0601    		ld	b,1
0371: 00      		nop
0372: 0602    		ld	b,2
0374: DB37    		in	a,(zm_trap)
0376: 0603    		ld	b,3
              	
              		; Blink light
0378: 3E11    	0$:	ld	a,0x11
037A: D300    		out	(nb_nctl),a
              		
037C: 010000  		ld	bc,0
037F: E5      	1$:	push	hl
0380: E1      		pop	hl
0381: 10FC    		djnz	1$
0383: 0D      		dec	c
0384: 20F9    		jr	nz,1$
              		
0386: 3E01    		ld	a,0x01
0388: D300    		out	(nb_nctl),a
              		
038A: 00      	2$:	nop
038B: 00      		nop
038C: 00      		nop
038D: 00      		nop
038E: 10FA    		djnz	2$
0390: 0D      		dec	c
0391: 20F7    		jr	nz,2$
0393: 18E3    		jr	0$
              		
              		; Overwrite the first 48KB of memory, and then trap
0395: 210000  	snip0_b:ld	hl,0
0398: 110100  		ld	de,1
039B: 01FFBF  		ld	bc,0x0C000-1
039E: 3600    		ld	(hl),0
03A0: EDB0    		ldir
              		
03A2: D337    		out	(zm_trap),a
03A4: 18FE    	0$:	jr	0$
              	
03A6: 0669    	snip0_c:ld	b,0x69
03A8: 0EF9    		ld	c,0xF9
03AA: ED79    		out	(c),a
              		
03AC: 18FE    	0$:	jr	0$
              	
03AE:         	snip0_end:
              		
              	
              	; Strings
03AE:         	splash:
03AE: 5A4D4D20		defb	'ZMM Basic Functionality Test',0x0A,0x0D
03B2: 42617369	
03B6: 63204675	
03BA: 6E637469	
03BE: 6F6E616C	
03C2: 69747920	
03C6: 54657374	
03CA: 0A0D    	
03CC: 52657620		defb	'Rev 1a, tergav17 (Gavin)',0x0A,0x0D,'$' 
03D0: 31612C20	
03D4: 74657267	
03D8: 61763137	
03DC: 20284761	
03E0: 76696E29	
03E4: 0A0D24  	
              		
03E7:         	s_pass:
03E7: 50415353		defb	'PASS',0x0A,0x0D,'$'
03EB: 0A0D24  	
              		
03EE:         	s_nfail
03EE: 585820  		defb	'XX '
              		
03F1:         	s_fail:
03F1: 4641494C		defb	'FAIL',0x0A,0x0D,'$'
03F5: 0A0D24  	
              		
03F8:         	s_test0:
03F8: 54455354		defb	'TEST 0: Check mapping basic: $'
03FC: 20303A20	
0400: 43686563	
0404: 6B206D61	
0408: 7070696E	
040C: 67206261	
0410: 7369633A	
0414: 2024    	
              		
0416:         	s_test1:
0416: 54455354		defb	'TEST 1: Check upper overlay: $'
041A: 20313A20	
041E: 43686563	
0422: 6B207570	
0426: 70657220	
042A: 6F766572	
042E: 6C61793A	
0432: 2024    	
              		
0434:         	s_test2:
0434: 54455354		defb	'TEST 2: Check memory banking...'
0438: 20323A20	
043C: 43686563	
0440: 6B206D65	
0444: 6D6F7279	
0448: 2062616E	
044C: 6B696E67	
0450: 2E2E2E  	
              		
0453:         	s_crlf:	
0453: 0A0D24  		defb	0x0A,0x0D,'$'
              		
0456:         	s_test3:
0456: 54455354		defb	'TEST 3: Check bank map... $'
045A: 20333A20	
045E: 43686563	
0462: 6B206261	
0466: 6E6B206D	
046A: 61702E2E	
046E: 2E2024  	
              		
0471:         	s_test4:
0471: 54455354		defb	'TEST 4: Trap engagement... $'
0475: 20343A20	
0479: 54726170	
047D: 20656E67	
0481: 6167656D	
0485: 656E742E	
0489: 2E2E2024	
              		
048D:         	s_test5:
048D: 54455354		defb	'TEST 5: Check full overlay... $'
0491: 20353A20	
0495: 43686563	
0499: 6B206675	
049D: 6C6C206F	
04A1: 7665726C	
04A5: 61792E2E	
04A9: 2E2024  	
              		
04AC:         	s_test6:
04AC: 54455354		defb	'TEST 6: Trap state recovery... $'
04B0: 20363A20	
04B4: 54726170	
04B8: 20737461	
04BC: 74652072	
04C0: 65636F76	
04C4: 6572792E	
04C8: 2E2E2024	
              		
              	; Variables
04CC:         	textbank:
04CC: 00      		defb	0
              		
04CD:         	databank:
04CD: 00      		defb	0
              		
              	; Heap
04CE:         	heap:
              	
              	; Area to keep track of allocated banks
04CE:         	bankmap	equ	heap	; 256 bytes


; +++ segments +++

#CODE          = $0100 =   256,  size = $03CE =   974

; +++ global symbols +++

_end      = $04CE =  1230          ZMMBAS.asm:43 (unused)
_size     = $03CE =   974          ZMMBAS.asm:43 (unused)
b_coin    = $0001 =     1          ZMMBAS.asm:16 (unused)
b_cout    = $0002 =     2          ZMMBAS.asm:17
b_exit    = $0000 =     0          ZMMBAS.asm:15
b_print   = $0009 =     9          ZMMBAS.asm:18
bankmap   = $04CE =  1230          ZMMBAS.asm:584
bdos      = $0005 =     5          ZMMBAS.asm:13
databank  = $04CD =  1229          ZMMBAS.asm:577
exit      = $0312 =   786          ZMMBAS.asm:405
fail      = $0317 =   791          ZMMBAS.asm:409
heap      = $04CE =  1230          ZMMBAS.asm:581
intoff    = $033D =   829          ZMMBAS.asm:442 (unused)
nb_atla   = $0041 =    65          ZMMBAS.asm:40
nb_ayda   = $0040 =    64          ZMMBAS.asm:39
nb_nctl   = $0000 =     0          ZMMBAS.asm:38
nmi_adr   = $0066 =   102          ZMMBAS.asm:35
nmi_vec   = $0067 =   103          ZMMBAS.asm:36
s_crlf    = $0453 =  1107          ZMMBAS.asm:558
s_fail    = $03F1 =  1009          ZMMBAS.asm:546 (unused)
s_nfail   = $03EE =  1006          ZMMBAS.asm:543
s_pass    = $03E7 =   999          ZMMBAS.asm:540
s_test0   = $03F8 =  1016          ZMMBAS.asm:549
s_test1   = $0416 =  1046          ZMMBAS.asm:552
s_test2   = $0434 =  1076          ZMMBAS.asm:555
s_test3   = $0456 =  1110          ZMMBAS.asm:561
s_test4   = $0471 =  1137          ZMMBAS.asm:564
s_test5   = $048D =  1165          ZMMBAS.asm:567
s_test6   = $04AC =  1196          ZMMBAS.asm:570
snip0     = $0368 =   872          ZMMBAS.asm:478
snip0_a   = $036E =   878          ZMMBAS.asm:486
snip0_b   = $0395 =   917          ZMMBAS.asm:517
snip0_c   = $03A6 =   934          ZMMBAS.asm:526
snip0_end = $03AE =   942          ZMMBAS.asm:532
splash    = $03AE =   942          ZMMBAS.asm:536
start     = $0100 =   256          ZMMBAS.asm:46 (unused)
tes6      = $029D =   669          ZMMBAS.asm:332 (unused)
test0     = $010C =   268          ZMMBAS.asm:53 (unused)
test1     = $0138 =   312          ZMMBAS.asm:79 (unused)
test2     = $015D =   349          ZMMBAS.asm:101 (unused)
test3     = $01D8 =   472          ZMMBAS.asm:193 (unused)
test4     = $0212 =   530          ZMMBAS.asm:234 (unused)
test5     = $0266 =   614          ZMMBAS.asm:293 (unused)
textbank  = $04CC =  1228          ZMMBAS.asm:574
tohex     = $0326 =   806          ZMMBAS.asm:421
trapset   = $0352 =   850          ZMMBAS.asm:460
zm_a_hi   = $0032 =    50          ZMMBAS.asm:26
zm_a_lo   = $0033 =    51          ZMMBAS.asm:27
zm_bnk0   = $0030 =    48          ZMMBAS.asm:20
zm_bnk1   = $0031 =    49          ZMMBAS.asm:21
zm_bnk2   = $0032 =    50          ZMMBAS.asm:22
zm_bnk3   = $0033 =    51          ZMMBAS.asm:23
zm_ctrl   = $0034 =    52          ZMMBAS.asm:24
zm_isr    = $0030 =    48          ZMMBAS.asm:25
zm_map    = $8000 = 32768          ZMMBAS.asm:29
zm_sres   = $007F =   127          ZMMBAS.asm:33
zm_sset   = $0070 =   112          ZMMBAS.asm:32
zm_top    = $C000 = 49152          ZMMBAS.asm:30
zm_trap   = $0037 =    55          ZMMBAS.asm:28


total time: 0.0048 sec.
no errors
